// Jest Snapshot v1, https://goo.gl/fbAQLP

exports[`action finds trackables 1`] = `
"some-service-dev0:
  source:
    repoURL: https://github.com/apollographql/some-repo.git
    path: services/hello-world
    ref: "immutable-abcdef-hooray"   # this should change!
    trackMutableRef: pr-1234

some-service-staging:
  source:
    repoURL: https://github.com/apollographql/some-repo.git
    path: services/hello-world
    trackMutableRef: main
    ref:        "immutable-01234a-hooray"  #save comment!

some-service-prod:
  source:
    repoURL: https://github.com/apollographql/some-repo.git
    path: services/hello-world
    ref: abcdef1234
"
`;
