// Jest Snapshot v1, https://goo.gl/fbAQLP

exports[`action respects defaults and explicit specifications for yamlPaths 1`] = `
"source:
  gitConfig:
    path: foo/bar
    ref: source-ref
  dockerImage:
    tag: source-tag

source-just-git-config:
  gitConfig:
    ref: source-ref-just

target-both:
  promote:
    from: source
  gitConfig:
    ref: source-ref
  dockerImage:
    tag: source-tag

target-just-git-config:
  promote:
    from: source
  gitConfig:
    ref: source-ref

target-just-docker-image:
  promote:
    from: source
  dockerImage:
    tag: source-tag

target-has-both-but-source-has-one:
  promote:
    from: source-just-git-config
  gitConfig:
    ref: source-ref-just
  dockerImage:
    tag: do-not-overwrite-me

completely-different-fields:
  promote:
    from: source
    yamlPaths: [[gitConfig, path]]
  gitConfig:
    path: foo/bar
    ref: do-not-overwrite-me
  dockerImage:
    tag: or-me
"
`;

exports[`action updates git refs 1`] = `
"some-service-staging:
  gitConfig:
    repoURL: https://github.com/apollographql/some-repo.git
    path: services/hello-world
    trackMutableRef: main
    ref:        "abcdef1234567"

some-service-prod:
  promote:
    from: some-service-staging
  gitConfig:
    repoURL: https://github.com/apollographql/some-repo.git
    path: services/hello-world
    ref:    abcdef1234567      # please

some-service-not-selected:
  promote:
    from: some-service-staging
  gitConfig:
    repoURL: https://github.com/apollographql/some-repo.git
    path: services/hello-world
    ref:    overwrite-me      # this will not be updated because of the regexp
"
`;
